<?xml version="1.0" encoding="utf-8"?><testsuite errors="0" failures="0" name="pytest" skips="0" tests="3" time="0.305"><testcase classname="test.test_formater.TestFormater" file="test/test_formater.py" line="5" name="test_plain_lowercase" time="0.000798940658569"></testcase><testcase classname="test.test_views.FlaskrTestCase" file="test/test_views.py" line="14" name="test_msg_with_output" time="0.0428380966187"></testcase><testcase classname="test.test_views.FlaskrTestCase" file="test/test_views.py" line="10" name="test_outputs" time="0.00141000747681"></testcase></testsuite>
